Archive member included to satisfy reference by file (symbol)

C:/ST/STM32CubeIDE_1.19.0/STM32CubeIDE/plugins/com.st.stm32cube.ide.mcu.externaltools.gnu-tools-for-stm32.13.3.rel1.win32_1.0.0.202411081344/tools/bin/../lib/gcc/arm-none-eabi/13.3.1/../../../../arm-none-eabi/lib/thumb/v7e-m+fp/hard\libc_nano.a(libc_a-exit.o)
                              C:/ST/STM32CubeIDE_1.19.0/STM32CubeIDE/plugins/com.st.stm32cube.ide.mcu.externaltools.gnu-tools-for-stm32.13.3.rel1.win32_1.0.0.202411081344/tools/bin/../lib/gcc/arm-none-eabi/13.3.1/../../../../arm-none-eabi/lib/thumb/v7e-m+fp/hard/crt0.o (exit)
C:/ST/STM32CubeIDE_1.19.0/STM32CubeIDE/plugins/com.st.stm32cube.ide.mcu.externaltools.gnu-tools-for-stm32.13.3.rel1.win32_1.0.0.202411081344/tools/bin/../lib/gcc/arm-none-eabi/13.3.1/../../../../arm-none-eabi/lib/thumb/v7e-m+fp/hard\libc_nano.a(libc_a-findfp.o)
                              C:/ST/STM32CubeIDE_1.19.0/STM32CubeIDE/plugins/com.st.stm32cube.ide.mcu.externaltools.gnu-tools-for-stm32.13.3.rel1.win32_1.0.0.202411081344/tools/bin/../lib/gcc/arm-none-eabi/13.3.1/../../../../arm-none-eabi/lib/thumb/v7e-m+fp/hard\libc_nano.a(libc_a-exit.o) (__stdio_exit_handler)
C:/ST/STM32CubeIDE_1.19.0/STM32CubeIDE/plugins/com.st.stm32cube.ide.mcu.externaltools.gnu-tools-for-stm32.13.3.rel1.win32_1.0.0.202411081344/tools/bin/../lib/gcc/arm-none-eabi/13.3.1/../../../../arm-none-eabi/lib/thumb/v7e-m+fp/hard\libc_nano.a(libc_a-fwalk.o)
                              C:/ST/STM32CubeIDE_1.19.0/STM32CubeIDE/plugins/com.st.stm32cube.ide.mcu.externaltools.gnu-tools-for-stm32.13.3.rel1.win32_1.0.0.202411081344/tools/bin/../lib/gcc/arm-none-eabi/13.3.1/../../../../arm-none-eabi/lib/thumb/v7e-m+fp/hard\libc_nano.a(libc_a-findfp.o) (_fwalk_sglue)
C:/ST/STM32CubeIDE_1.19.0/STM32CubeIDE/plugins/com.st.stm32cube.ide.mcu.externaltools.gnu-tools-for-stm32.13.3.rel1.win32_1.0.0.202411081344/tools/bin/../lib/gcc/arm-none-eabi/13.3.1/../../../../arm-none-eabi/lib/thumb/v7e-m+fp/hard\libc_nano.a(libc_a-stdio.o)
                              C:/ST/STM32CubeIDE_1.19.0/STM32CubeIDE/plugins/com.st.stm32cube.ide.mcu.externaltools.gnu-tools-for-stm32.13.3.rel1.win32_1.0.0.202411081344/tools/bin/../lib/gcc/arm-none-eabi/13.3.1/../../../../arm-none-eabi/lib/thumb/v7e-m+fp/hard\libc_nano.a(libc_a-findfp.o) (__sread)
C:/ST/STM32CubeIDE_1.19.0/STM32CubeIDE/plugins/com.st.stm32cube.ide.mcu.externaltools.gnu-tools-for-stm32.13.3.rel1.win32_1.0.0.202411081344/tools/bin/../lib/gcc/arm-none-eabi/13.3.1/../../../../arm-none-eabi/lib/thumb/v7e-m+fp/hard\libc_nano.a(libc_a-memset.o)
                              C:/ST/STM32CubeIDE_1.19.0/STM32CubeIDE/plugins/com.st.stm32cube.ide.mcu.externaltools.gnu-tools-for-stm32.13.3.rel1.win32_1.0.0.202411081344/tools/bin/../lib/gcc/arm-none-eabi/13.3.1/../../../../arm-none-eabi/lib/thumb/v7e-m+fp/hard/crt0.o (memset)
C:/ST/STM32CubeIDE_1.19.0/STM32CubeIDE/plugins/com.st.stm32cube.ide.mcu.externaltools.gnu-tools-for-stm32.13.3.rel1.win32_1.0.0.202411081344/tools/bin/../lib/gcc/arm-none-eabi/13.3.1/../../../../arm-none-eabi/lib/thumb/v7e-m+fp/hard\libc_nano.a(libc_a-closer.o)
                              C:/ST/STM32CubeIDE_1.19.0/STM32CubeIDE/plugins/com.st.stm32cube.ide.mcu.externaltools.gnu-tools-for-stm32.13.3.rel1.win32_1.0.0.202411081344/tools/bin/../lib/gcc/arm-none-eabi/13.3.1/../../../../arm-none-eabi/lib/thumb/v7e-m+fp/hard\libc_nano.a(libc_a-stdio.o) (_close_r)
C:/ST/STM32CubeIDE_1.19.0/STM32CubeIDE/plugins/com.st.stm32cube.ide.mcu.externaltools.gnu-tools-for-stm32.13.3.rel1.win32_1.0.0.202411081344/tools/bin/../lib/gcc/arm-none-eabi/13.3.1/../../../../arm-none-eabi/lib/thumb/v7e-m+fp/hard\libc_nano.a(libc_a-reent.o)
                              C:/ST/STM32CubeIDE_1.19.0/STM32CubeIDE/plugins/com.st.stm32cube.ide.mcu.externaltools.gnu-tools-for-stm32.13.3.rel1.win32_1.0.0.202411081344/tools/bin/../lib/gcc/arm-none-eabi/13.3.1/../../../../arm-none-eabi/lib/thumb/v7e-m+fp/hard\libc_nano.a(libc_a-closer.o) (errno)
C:/ST/STM32CubeIDE_1.19.0/STM32CubeIDE/plugins/com.st.stm32cube.ide.mcu.externaltools.gnu-tools-for-stm32.13.3.rel1.win32_1.0.0.202411081344/tools/bin/../lib/gcc/arm-none-eabi/13.3.1/../../../../arm-none-eabi/lib/thumb/v7e-m+fp/hard\libc_nano.a(libc_a-impure.o)
                              C:/ST/STM32CubeIDE_1.19.0/STM32CubeIDE/plugins/com.st.stm32cube.ide.mcu.externaltools.gnu-tools-for-stm32.13.3.rel1.win32_1.0.0.202411081344/tools/bin/../lib/gcc/arm-none-eabi/13.3.1/../../../../arm-none-eabi/lib/thumb/v7e-m+fp/hard\libc_nano.a(libc_a-reent.o) (_impure_ptr)
C:/ST/STM32CubeIDE_1.19.0/STM32CubeIDE/plugins/com.st.stm32cube.ide.mcu.externaltools.gnu-tools-for-stm32.13.3.rel1.win32_1.0.0.202411081344/tools/bin/../lib/gcc/arm-none-eabi/13.3.1/../../../../arm-none-eabi/lib/thumb/v7e-m+fp/hard\libc_nano.a(libc_a-lseekr.o)
[...]
Memory Configuration

Name             Origin             Length             Attributes
RAM              0x20000000         0x00018000         xrw
RAM2             0x10000000         0x00008000         xrw
FLASH            0x08000000         0x00100000         xr
*default*        0x00000000         0xffffffff

Linker script and memory map

LOAD C:/ST/STM32CubeIDE_1.19.0/STM32CubeIDE/plugins/com.st.stm32cube.ide.mcu.externaltools.gnu-tools-for-stm32.13.3.rel1.win32_1.0.0.202411081344/tools/bin/../lib/gcc/arm-none-eabi/13.3.1/thumb/v7e-m+fp/hard/crti.o
LOAD C:/ST/STM32CubeIDE_1.19.0/STM32CubeIDE/plugins/com.st.stm32cube.ide.mcu.externaltools.gnu-tools-for-stm32.13.3.rel1.win32_1.0.0.202411081344/tools/bin/../lib/gcc/arm-none-eabi/13.3.1/thumb/v7e-m+fp/hard/crtbegin.o
LOAD C:/ST/STM32CubeIDE_1.19.0/STM32CubeIDE/plugins/com.st.stm32cube.ide.mcu.externaltools.gnu-tools-for-stm32.13.3.rel1.win32_1.0.0.202411081344/tools/bin/../lib/gcc/arm-none-eabi/13.3.1/../../../../arm-none-eabi/lib/thumb/v7e-m+fp/hard/crt0.o
LOAD ./Core/Src/LED.o
LOAD ./Core/Src/main.o
LOAD ./Core/Src/stm32l4xx_hal_msp.o
LOAD ./Core/Src/stm32l4xx_it.o
LOAD ./Core/Src/syscalls.o
LOAD ./Core/Src/sysmem.o
LOAD ./Core/Src/system_stm32l4xx.o
LOAD ./Core/Src/utils.o
LOAD ./Core/Startup/LED.o
LOAD ./Core/Startup/myasm (1).o
LOAD ./Core/Startup/startup_stm32l476rgtx.o
LOAD ./Drivers/STM32L4xx_HAL_Driver/Src/stm32l4xx_hal.o
LOAD ./Drivers/STM32L4xx_HAL_Driver/Src/stm32l4xx_hal_cortex.o
LOAD ./Drivers/STM32L4xx_HAL_Driver/Src/stm32l4xx_hal_dma.o
LOAD ./Drivers/STM32L4xx_HAL_Driver/Src/stm32l4xx_hal_dma_ex.o
LOAD ./Drivers/STM32L4xx_HAL_Driver/Src/stm32l4xx_hal_exti.o
LOAD ./Drivers/STM32L4xx_HAL_Driver/Src/stm32l4xx_hal_flash.o
LOAD ./Drivers/STM32L4xx_HAL_Driver/Src/stm32l4xx_hal_flash_ex.o
LOAD ./Drivers/STM32L4xx_HAL_Driver/Src/stm32l4xx_hal_flash_ramfunc.o
LOAD ./Drivers/STM32L4xx_HAL_Driver/Src/stm32l4xx_hal_gpio.o
LOAD ./Drivers/STM32L4xx_HAL_Driver/Src/stm32l4xx_hal_i2c.o
LOAD ./Drivers/STM32L4xx_HAL_Driver/Src/stm32l4xx_hal_i2c_ex.o
LOAD ./Drivers/STM32L4xx_HAL_Driver/Src/stm32l4xx_hal_pwr.o
LOAD ./Drivers/STM32L4xx_HAL_Driver/Src/stm32l4xx_hal_pwr_ex.o
LOAD ./Drivers/STM32L4xx_HAL_Driver/Src/stm32l4xx_hal_rcc.o
LOAD ./Drivers/STM32L4xx_HAL_Driver/Src/stm32l4xx_hal_rcc_ex.o
START GROUP
LOAD C:/ST/STM32CubeIDE_1.19.0/STM32CubeIDE/plugins/com.st.stm32cube.ide.mcu.externaltools.gnu-tools-for-stm32.13.3.rel1.win32_1.0.0.202411081344/tools/bin/../lib/gcc/arm-none-eabi/13.3.1/../../../../arm-none-eabi/lib/thumb/v7e-m+fp/hard\libc_nano.a
LOAD C:/ST/STM32CubeIDE_1.19.0/STM32CubeIDE/plugins/com.st.stm32cube.ide.mcu.externaltools.gnu-tools-for-stm32.13.3.rel1.win32_1.0.0.202411081344/tools/bin/../lib/gcc/arm-none-eabi/13.3.1/../../../../arm-none-eabi/lib/thumb/v7e-m+fp/hard\libm.a
END GROUP
START GROUP
LOAD C:/ST/STM32CubeIDE_1.19.0/STM32CubeIDE/plugins/com.st.stm32cube.ide.mcu.externaltools.gnu-tools-for-stm32.13.3.rel1.win32_1.0.0.202411081344/tools/bin/../lib/gcc/arm-none-eabi/13.3.1/thumb/v7e-m+fp/hard\libgcc.a
LOAD C:/ST/STM32CubeIDE_1.19.0/STM32CubeIDE/plugins/com.st.stm32cube.ide.mcu.externaltools.gnu-tools-for-stm32.13.3.rel1.win32_1.0.0.202411081344/tools/bin/../lib/gcc/arm-none-eabi/13.3.1/../../../../arm-none-eabi/lib/thumb/v7e-m+fp/hard\libc_nano.a
END GROUP
START GROUP
LOAD C:/ST/STM32CubeIDE_1.19.0/STM32CubeIDE/plugins/com.st.stm32cube.ide.mcu.externaltools.gnu-tools-for-stm32.13.3.rel1.win32_1.0.0.202411081344/tools/bin/../lib/gcc/arm-none-eabi/13.3.1/thumb/v7e-m+fp/hard\libgcc.a
LOAD C:/ST/STM32CubeIDE_1.19.0/STM32CubeIDE/plugins/com.st.stm32cube.ide.mcu.externaltools.gnu-tools-for-stm32.13.3.rel1.win32_1.0.0.202411081344/tools/bin/../lib/gcc/arm-none-eabi/13.3.1/../../../../arm-none-eabi/lib/thumb/v7e-m+fp/hard\libc_nano.a
LOAD C:/ST/STM32CubeIDE_1.19.0/STM32CubeIDE/plugins/com.st.stm32cube.ide.mcu.externaltools.gnu-tools-for-stm32.13.3.rel1.win32_1.0.0.202411081344/tools/bin/../lib/gcc/arm-none-eabi/13.3.1/../../../../arm-none-eabi/lib/thumb/v7e-m+fp/hard\libnosys.a
END GROUP
START GROUP
LOAD C:/ST/STM32CubeIDE_1.19.0/STM32CubeIDE/plugins/com.st.stm32cube.ide.mcu.externaltools.gnu-tools-for-stm32.13.3.rel1.win32_1.0.0.202411081344/tools/bin/../lib/gcc/arm-none-eabi/13.3.1/thumb/v7e-m+fp/hard\libgcc.a
LOAD C:/ST/STM32CubeIDE_1.19.0/STM32CubeIDE/plugins/com.st.stm32cube.ide.mcu.externaltools.gnu-tools-for-stm32.13.3.rel1.win32_1.0.0.202411081344/tools/bin/../lib/gcc/arm-none-eabi/13.3.1/../../../../arm-none-eabi/lib/thumb/v7e-m+fp/hard\libc_nano.a
LOAD C:/ST/STM32CubeIDE_1.19.0/STM32CubeIDE/plugins/com.st.stm32cube.ide.mcu.externaltools.gnu-tools-for-stm32.13.3.rel1.win32_1.0.0.202411081344/tools/bin/../lib/gcc/arm-none-eabi/13.3.1/../../../../arm-none-eabi/lib/thumb/v7e-m+fp/hard\libnosys.a
END GROUP
LOAD C:/ST/STM32CubeIDE_1.19.0/STM32CubeIDE/plugins/com.st.stm32cube.ide.mcu.externaltools.gnu-tools-for-stm32.13.3.rel1.win32_1.0.0.202411081344/tools/bin/../lib/gcc/arm-none-eabi/13.3.1/thumb/v7e-m+fp/hard/crtend.o
LOAD C:/ST/STM32CubeIDE_1.19.0/STM32CubeIDE/plugins/com.st.stm32cube.ide.mcu.externaltools.gnu-tools-for-stm32.13.3.rel1.win32_1.0.0.202411081344/tools/bin/../lib/gcc/arm-none-eabi/13.3.1/thumb/v7e-m+fp/hard/crtn.o
                0x20018000                        _estack = (ORIGIN (RAM) + LENGTH (RAM))
                0x00000200                        _Min_Heap_Size = 0x200
                0x00000400                        _Min_Stack_Size = 0x400

.isr_vector     0x08000000      0x188
                0x08000000                        . = ALIGN (0x4)
 *(.isr_vector)
 .isr_vector    0x08000000      0x188 ./Core/Startup/startup_stm32l476rgtx.o
                0x08000000                g_pfnVectors
                0x08000188                        . = ALIGN (0x4)

.text           0x08000188      0x2d0
                0x08000188                        . = ALIGN (0x4)
 *(.text)
 .text          0x08000188       0x40 C:/ST/STM32CubeIDE_1.19.0/STM32CubeIDE/plugins/com.st.stm32cube.ide.mcu.externaltools.gnu-tools-for-stm32.13.3.rel1.win32_1.0.0.202411081344/tools/bin/../lib/gcc/arm-none-eabi/13.3.1/thumb/v7e-m+fp/hard/crtbegin.o
 .text          0x080001c8       0x60 ./Core/Startup/LED.o
                0x080001c8                LED_Enable
                0x080001da                LED_Config
                0x080001f6                LED_DriveGreen
 .text          0x08000228      0x100 ./Core/Startup/myasm (1).o
                0x08000228                Reset_Handler
                0x08000262                Test_FUNCT2
                0x08000272                FUNCT2
                0x0800027e                Test_FUNCT3
                0x0800028e                FUNCT3
                0x0800029a                Test_FUNCT4_5
                0x080002aa                FUNCT4
                0x080002bc                FUNCT5
                0x080002c6                Test_FUNCT6_7
                0x080002d6                FUNCT6
                0x080002ea                FUNCT7
                0x080002f8                Test_FUNCTN
                0x08000304                FUNCTN
                0x0800031a                YOURFUNCT
 *(.text*)
 .text.NMI_Handler
                0x08000328        0x8 ./Core/Src/stm32l4xx_it.o
                0x08000328                NMI_Handler
 .text.HardFault_Handler
                0x08000330        0x8 ./Core/Src/stm32l4xx_it.o
                0x08000330                HardFault_Handler
 .text.MemManage_Handler
                0x08000338        0x8 ./Core/Src/stm32l4xx_it.o
                0x08000338                MemManage_Handler
 .text.BusFault_Handler
                0x08000340        0x8 ./Core/Src/stm32l4xx_it.o
                0x08000340                BusFault_Handler
 .text.UsageFault_Handler
                0x08000348        0x8 ./Core/Src/stm32l4xx_it.o
                0x08000348                UsageFault_Handler
 .text.SVC_Handler
                0x08000350        0xe ./Core/Src/stm32l4xx_it.o
                0x08000350                SVC_Handler
 .text.DebugMon_Handler
                0x0800035e        0xe ./Core/Src/stm32l4xx_it.o
                0x0800035e                DebugMon_Handler
 .text.PendSV_Handler
                0x0800036c        0xe ./Core/Src/stm32l4xx_it.o
                0x0800036c                PendSV_Handler
 .text.SysTick_Handler
                0x0800037a        0xc ./Core/Src/stm32l4xx_it.o
                0x0800037a                SysTick_Handler
 *fill*         0x08000386        0x2 
 .text.setup    0x08000388       0x18 ./Core/Src/utils.o
                0x08000388                setup
 .text.loop     0x080003a0       0x28 ./Core/Src/utils.o
                0x080003a0                loop
 .text.UTILS_WaitN10ms
                0x080003c8       0x4c ./Core/Src/utils.o
                0x080003c8                UTILS_WaitN10ms
 .text.Default_Handler
                0x08000414        0x2 ./Core/Startup/startup_stm32l476rgtx.o
                0x08000414                RTC_Alarm_IRQHandler
                0x08000414                EXTI2_IRQHandler
                0x08000414                TIM8_TRG_COM_IRQHandler
                0x08000414                TIM8_CC_IRQHandler
                0x08000414                TIM1_CC_IRQHandler
                0x08000414                TSC_IRQHandler
                0x08000414                TAMP_STAMP_IRQHandler
                0x08000414                EXTI3_IRQHandler
                0x08000414                LPTIM2_IRQHandler
                0x08000414                DFSDM1_FLT1_IRQHandler
                0x08000414                I2C3_ER_IRQHandler
                0x08000414                DFSDM1_FLT2_IRQHandler
                0x08000414                EXTI0_IRQHandler
                0x08000414                I2C2_EV_IRQHandler
                0x08000414                CAN1_RX0_IRQHandler
                0x08000414                FPU_IRQHandler
                0x08000414                TIM1_UP_TIM16_IRQHandler
                0x08000414                ADC1_2_IRQHandler
                0x08000414                SPI1_IRQHandler
                0x08000414                TIM6_DAC_IRQHandler
                0x08000414                TIM8_UP_IRQHandler
                0x08000414                DMA2_Channel2_IRQHandler
                0x08000414                DMA1_Channel4_IRQHandler
                0x08000414                SAI2_IRQHandler
                0x08000414                DFSDM1_FLT3_IRQHandler
                0x08000414                USART3_IRQHandler
                0x08000414                DMA1_Channel7_IRQHandler
                0x08000414                CAN1_RX1_IRQHandler
                0x08000414                LCD_IRQHandler
                0x08000414                UART5_IRQHandler
                0x08000414                ADC3_IRQHandler
                0x08000414                TIM4_IRQHandler
                0x08000414                DMA2_Channel1_IRQHandler
                0x08000414                QUADSPI_IRQHandler
                0x08000414                I2C1_EV_IRQHandler
                0x08000414                DMA1_Channel6_IRQHandler
                0x08000414                UART4_IRQHandler
                0x08000414                DMA2_Channel4_IRQHandler
                0x08000414                TIM3_IRQHandler
                0x08000414                RCC_IRQHandler
                0x08000414                DMA1_Channel1_IRQHandler
                0x08000414                Default_Handler
                0x08000414                DMA2_Channel7_IRQHandler
                0x08000414                EXTI15_10_IRQHandler
                0x08000414                TIM7_IRQHandler
                0x08000414                SDMMC1_IRQHandler
                0x08000414                TIM5_IRQHandler
                0x08000414                I2C3_EV_IRQHandler
                0x08000414                EXTI9_5_IRQHandler
                0x08000414                RTC_WKUP_IRQHandler
                0x08000414                PVD_PVM_IRQHandler
                0x08000414                SPI2_IRQHandler
                0x08000414                CAN1_TX_IRQHandler
                0x08000414                DMA2_Channel5_IRQHandler
                0x08000414                DMA1_Channel5_IRQHandler
                0x08000414                EXTI4_IRQHandler
                0x08000414                RNG_IRQHandler
                0x08000414                TIM1_TRG_COM_TIM17_IRQHandler
                0x08000414                DMA1_Channel3_IRQHandler
                0x08000414                COMP_IRQHandler
                0x08000414                WWDG_IRQHandler
                0x08000414                LPUART1_IRQHandler
                0x08000414                DMA2_Channel6_IRQHandler
                0x08000414                TIM2_IRQHandler
                0x08000414                EXTI1_IRQHandler
                0x08000414                USART2_IRQHandler
                0x08000414                DFSDM1_FLT0_IRQHandler
                0x08000414                I2C2_ER_IRQHandler
                0x08000414                DMA1_Channel2_IRQHandler
                0x08000414                TIM8_BRK_IRQHandler
                0x08000414                CAN1_SCE_IRQHandler
                0x08000414                FLASH_IRQHandler
                0x08000414                USART1_IRQHandler
                0x08000414                OTG_FS_IRQHandler
                0x08000414                SPI3_IRQHandler
                0x08000414                I2C1_ER_IRQHandler
                0x08000414                FMC_IRQHandler
                0x08000414                SWPMI1_IRQHandler
                0x08000414                LPTIM1_IRQHandler
                0x08000414                SAI1_IRQHandler
                0x08000414                DMA2_Channel3_IRQHandler
                0x08000414                TIM1_BRK_TIM15_IRQHandler
 *fill*         0x08000416        0x2 
 .text.HAL_IncTick
                0x08000418       0x28 ./Drivers/STM32L4xx_HAL_Driver/Src/stm32l4xx_hal.o
                0x08000418                HAL_IncTick
 *(.glue_7)
 .glue_7        0x08000440        0x0 linker stubs
 *(.glue_7t)
 .glue_7t       0x08000440        0x0 linker stubs
 *(.eh_frame)
 .eh_frame      0x08000440        0x0 C:/ST/STM32CubeIDE_1.19.0/STM32CubeIDE/plugins/com.st.stm32cube.ide.mcu.externaltools.gnu-tools-for-stm32.13.3.rel1.win32_1.0.0.202411081344/tools/bin/../lib/gcc/arm-none-eabi/13.3.1/thumb/v7e-m+fp/hard/crtbegin.o
 *(.init)
 .init          0x08000440        0x4 C:/ST/STM32CubeIDE_1.19.0/STM32CubeIDE/plugins/com.st.stm32cube.ide.mcu.externaltools.gnu-tools-for-stm32.13.3.rel1.win32_1.0.0.202411081344/tools/bin/../lib/gcc/arm-none-eabi/13.3.1/thumb/v7e-m+fp/hard/crti.o
                0x08000440                _init
 .init          0x08000444        0x8 C:/ST/STM32CubeIDE_1.19.0/STM32CubeIDE/plugins/com.st.stm32cube.ide.mcu.externaltools.gnu-tools-for-stm32.13.3.rel1.win32_1.0.0.202411081344/tools/bin/../lib/gcc/arm-none-eabi/13.3.1/thumb/v7e-m+fp/hard/crtn.o
 *(.fini)
 .fini          0x0800044c        0x4 C:/ST/STM32CubeIDE_1.19.0/STM32CubeIDE/plugins/com.st.stm32cube.ide.mcu.externaltools.gnu-tools-for-stm32.13.3.rel1.win32_1.0.0.202411081344/tools/bin/../lib/gcc/arm-none-eabi/13.3.1/thumb/v7e-m+fp/hard/crti.o
                0x0800044c                _fini
 .fini          0x08000450        0x8 C:/ST/STM32CubeIDE_1.19.0/STM32CubeIDE/plugins/com.st.stm32cube.ide.mcu.externaltools.gnu-tools-for-stm32.13.3.rel1.win32_1.0.0.202411081344/tools/bin/../lib/gcc/arm-none-eabi/13.3.1/thumb/v7e-m+fp/hard/crtn.o
                0x08000458                        . = ALIGN (0x4)
                0x08000458                        _etext = .

.vfp11_veneer   0x08000458        0x0
 .vfp11_veneer  0x08000458        0x0 linker stubs

.v4_bx          0x08000458        0x0
 .v4_bx         0x08000458        0x0 linker stubs

.iplt           0x08000458        0x0
 .iplt          0x08000458        0x0 C:/ST/STM32CubeIDE_1.19.0/STM32CubeIDE/plugins/com.st.stm32cube.ide.mcu.externaltools.gnu-tools-for-stm32.13.3.rel1.win32_1.0.0.202411081344/tools/bin/../lib/gcc/arm-none-eabi/13.3.1/thumb/v7e-m+fp/hard/crtbegin.o

.rodata         0x08000458        0x0
                0x08000458                        . = ALIGN (0x4)
 *(.rodata)
 *(.rodata*)
                0x08000458                        . = ALIGN (0x4)

.ARM.extab      0x08000458        0x0
                0x08000458                        . = ALIGN (0x4)
 *(.ARM.extab* .gnu.linkonce.armextab.*)
                0x08000458                        . = ALIGN (0x4)

.ARM            0x08000458        0x0
                0x08000458                        . = ALIGN (0x4)
                0x08000458                        __exidx_start = .
 *(.ARM.exidx*)
                0x08000458                        __exidx_end = .
                0x08000458                        . = ALIGN (0x4)

.preinit_array  0x08000458        0x0
                0x08000458                        . = ALIGN (0x4)
                0x08000458                        PROVIDE (__preinit_array_start = .)
 *(.preinit_array*)
                0x08000458                        PROVIDE (__preinit_array_end = .)
                0x08000458                        . = ALIGN (0x4)

.init_array     0x08000458        0x4
                0x08000458                        . = ALIGN (0x4)
                0x08000458                        PROVIDE (__init_array_start = .)
 *(SORT_BY_NAME(.init_array.*))
 *(.init_array*)
 .init_array    0x08000458        0x4 C:/ST/STM32CubeIDE_1.19.0/STM32CubeIDE/plugins/com.st.stm32cube.ide.mcu.externaltools.gnu-tools-for-stm32.13.3.rel1.win32_1.0.0.202411081344/tools/bin/../lib/gcc/arm-none-eabi/13.3.1/thumb/v7e-m+fp/hard/crtbegin.o
                0x0800045c                        PROVIDE (__init_array_end = .)
                0x0800045c                        . = ALIGN (0x4)

.fini_array     0x0800045c        0x4
                0x0800045c                        . = ALIGN (0x4)
                [!provide]                        PROVIDE (__fini_array_start = .)
 *(SORT_BY_NAME(.fini_array.*))
 *(.fini_array*)
 .fini_array    0x0800045c        0x4 C:/ST/STM32CubeIDE_1.19.0/STM32CubeIDE/plugins/com.st.stm32cube.ide.mcu.externaltools.gnu-tools-for-stm32.13.3.rel1.win32_1.0.0.202411081344/tools/bin/../lib/gcc/arm-none-eabi/13.3.1/thumb/v7e-m+fp/hard/crtbegin.o
                [!provide]                        PROVIDE (__fini_array_end = .)
                0x08000460                        . = ALIGN (0x4)
                0x08000460                        _sidata = LOADADDR (.data)

.rel.dyn        0x08000460        0x0
 .rel.iplt      0x08000460        0x0 C:/ST/STM32CubeIDE_1.19.0/STM32CubeIDE/plugins/com.st.stm32cube.ide.mcu.externaltools.gnu-tools-for-stm32.13.3.rel1.win32_1.0.0.202411081344/tools/bin/../lib/gcc/arm-none-eabi/13.3.1/thumb/v7e-m+fp/hard/crtbegin.o

.data           0x20000000        0x4 load address 0x08000460
                0x20000000                        . = ALIGN (0x4)
                0x20000000                        _sdata = .
 *(.data)
 *(.data*)
 .data.uwTickFreq
                0x20000000        0x1 ./Drivers/STM32L4xx_HAL_Driver/Src/stm32l4xx_hal.o
                0x20000000                uwTickFreq
 *(.RamFunc)
 *(.RamFunc*)
                0x20000004                        . = ALIGN (0x4)
 *fill*         0x20000001        0x3 
                0x20000004                        _edata = .

.igot.plt       0x20000004        0x0 load address 0x08000464
 .igot.plt      0x20000004        0x0 C:/ST/STM32CubeIDE_1.19.0/STM32CubeIDE/plugins/com.st.stm32cube.ide.mcu.externaltools.gnu-tools-for-stm32.13.3.rel1.win32_1.0.0.202411081344/tools/bin/../lib/gcc/arm-none-eabi/13.3.1/thumb/v7e-m+fp/hard/crtbegin.o
                0x20000004                        . = ALIGN (0x4)

.bss            0x20000004       0x24 load address 0x08000464
                0x20000004                        _sbss = .
                0x20000004                        __bss_start__ = _sbss
 *(.bss)
 .bss           0x20000004       0x1c C:/ST/STM32CubeIDE_1.19.0/STM32CubeIDE/plugins/com.st.stm32cube.ide.mcu.externaltools.gnu-tools-for-stm32.13.3.rel1.win32_1.0.0.202411081344/tools/bin/../lib/gcc/arm-none-eabi/13.3.1/thumb/v7e-m+fp/hard/crtbegin.o
 *(.bss*)
 .bss.GreenLED_state
                0x20000020        0x4 ./Core/Src/utils.o
                0x20000020                GreenLED_state
 .bss.uwTick    0x20000024        0x4 ./Drivers/STM32L4xx_HAL_Driver/Src/stm32l4xx_hal.o
                0x20000024                uwTick
 *(COMMON)
                0x20000028                        . = ALIGN (0x4)
                0x20000028                        _ebss = .
                0x20000028                        __bss_end__ = _ebss

._user_heap_stack
                0x20000028      0x600 load address 0x08000464
                0x20000028                        . = ALIGN (0x8)
                [!provide]                        PROVIDE (end = .)
                0x20000028                        PROVIDE (_end = .)
                0x20000228                        . = (. + _Min_Heap_Size)
 *fill*         0x20000028      0x200 
                0x20000628                        . = (. + _Min_Stack_Size)
 *fill*         0x20000228      0x400 
                0x20000628                        . = ALIGN (0x8)

/DISCARD/
 libc.a(*)
 libm.a(*)
 libgcc.a(*)

.ARM.attributes
                0x00000000       0x30
 *(.ARM.attributes)
 .ARM.attributes
                0x00000000       0x22 C:/ST/STM32CubeIDE_1.19.0/STM32CubeIDE/plugins/com.st.stm32cube.ide.mcu.externaltools.gnu-tools-for-stm32.13.3.rel1.win32_1.0.0.202411081344/tools/bin/../lib/gcc/arm-none-eabi/13.3.1/thumb/v7e-m+fp/hard/crti.o
 .ARM.attributes
                0x00000022       0x34 C:/ST/STM32CubeIDE_1.19.0/STM32CubeIDE/plugins/com.st.stm32cube.ide.mcu.externaltools.gnu-tools-for-stm32.13.3.rel1.win32_1.0.0.202411081344/tools/bin/../lib/gcc/arm-none-eabi/13.3.1/thumb/v7e-m+fp/hard/crtbegin.o
 .ARM.attributes
                0x00000056       0x34 ./Core/Src/stm32l4xx_it.o
 .ARM.attributes
                0x0000008a       0x34 ./Core/Src/utils.o
 .ARM.attributes
                0x000000be       0x21 ./Core/Startup/LED.o
 .ARM.attributes
                0x000000df       0x21 ./Core/Startup/myasm (1).o
 .ARM.attributes
                0x00000100       0x21 ./Core/Startup/startup_stm32l476rgtx.o
 .ARM.attributes
                0x00000121       0x34 ./Drivers/STM32L4xx_HAL_Driver/Src/stm32l4xx_hal.o
 .ARM.attributes
                0x00000155       0x22 C:/ST/STM32CubeIDE_1.19.0/STM32CubeIDE/plugins/com.st.stm32cube.ide.mcu.externaltools.gnu-tools-for-stm32.13.3.rel1.win32_1.0.0.202411081344/tools/bin/../lib/gcc/arm-none-eabi/13.3.1/thumb/v7e-m+fp/hard/crtn.o
OUTPUT(Chemrakhi_Condette.elf elf32-littlearm)
LOAD linker stubs
LOAD C:/ST/STM32CubeIDE_1.19.0/STM32CubeIDE/plugins/com.st.stm32cube.ide.mcu.externaltools.gnu-tools-for-stm32.13.3.rel1.win32_1.0.0.202411081344/tools/bin/../lib/gcc/arm-none-eabi/13.3.1/../../../../arm-none-eabi/lib/thumb/v7e-m+fp/hard\libc.a
LOAD C:/ST/STM32CubeIDE_1.19.0/STM32CubeIDE/plugins/com.st.stm32cube.ide.mcu.externaltools.gnu-tools-for-stm32.13.3.rel1.win32_1.0.0.202411081344/tools/bin/../lib/gcc/arm-none-eabi/13.3.1/../../../../arm-none-eabi/lib/thumb/v7e-m+fp/hard\libm.a
LOAD C:/ST/STM32CubeIDE_1.19.0/STM32CubeIDE/plugins/com.st.stm32cube.ide.mcu.externaltools.gnu-tools-for-stm32.13.3.rel1.win32_1.0.0.202411081344/tools/bin/../lib/gcc/arm-none-eabi/13.3.1/thumb/v7e-m+fp/hard\libgcc.a

.debug_info     0x00000000      0xeef
 .debug_info    0x00000000      0x157 ./Core/Src/stm32l4xx_it.o
 .debug_info    0x00000157       0xd2 ./Core/Src/utils.o
 .debug_info    0x00000229       0x24 ./Core/Startup/LED.o
 .debug_info    0x0000024d       0x25 ./Core/Startup/myasm (1).o
 .debug_info    0x00000272       0x30 ./Core/Startup/startup_stm32l476rgtx.o
 .debug_info    0x000002a2      0xc4d ./Drivers/STM32L4xx_HAL_Driver/Src/stm32l4xx_hal.o

.debug_abbrev   0x00000000      0x416
 .debug_abbrev  0x00000000       0xac ./Core/Src/stm32l4xx_it.o
 .debug_abbrev  0x000000ac       0xdb ./Core/Src/utils.o
 .debug_abbrev  0x00000187       0x14 ./Core/Startup/LED.o
 .debug_abbrev  0x0000019b       0x14 ./Core/Startup/myasm (1).o
 .debug_abbrev  0x000001af       0x24 ./Core/Startup/startup_stm32l476rgtx.o
 .debug_abbrev  0x000001d3      0x243 ./Drivers/STM32L4xx_HAL_Driver/Src/stm32l4xx_hal.o

.debug_aranges  0x00000000      0x228
 .debug_aranges
                0x00000000       0x60 ./Core/Src/stm32l4xx_it.o
 .debug_aranges
                0x00000060       0x30 ./Core/Src/utils.o
 .debug_aranges
                0x00000090       0x20 ./Core/Startup/LED.o
 .debug_aranges
                0x000000b0       0x20 ./Core/Startup/myasm (1).o
 .debug_aranges
                0x000000d0       0x28 ./Core/Startup/startup_stm32l476rgtx.o
 .debug_aranges
                0x000000f8      0x130 ./Drivers/STM32L4xx_HAL_Driver/Src/stm32l4xx_hal.o

.debug_rnglists
                0x00000000      0x15a
 .debug_rnglists
                0x00000000       0x43 ./Core/Src/stm32l4xx_it.o
 .debug_rnglists
                0x00000043       0x1f ./Core/Src/utils.o
 .debug_rnglists
                0x00000062       0x19 ./Core/Startup/startup_stm32l476rgtx.o
 .debug_rnglists
                0x0000007b       0xdf ./Drivers/STM32L4xx_HAL_Driver/Src/stm32l4xx_hal.o

.debug_macro    0x00000000      0x3d0
 .debug_macro   0x00000000      0x1c0 ./Core/Src/stm32l4xx_it.o
 .debug_macro   0x000001c0       0x1b ./Core/Src/utils.o
 .debug_macro   0x000001db      0x1f5 ./Drivers/STM32L4xx_HAL_Driver/Src/stm32l4xx_hal.o

.debug_line     0x00000000     0x14f5
 .debug_line    0x00000000      0x7a8 ./Core/Src/stm32l4xx_it.o
 .debug_line    0x000007a8       0xc4 ./Core/Src/utils.o
 .debug_line    0x0000086c       0x6f ./Core/Startup/LED.o
 .debug_line    0x000008db       0xa0 ./Core/Startup/myasm (1).o
 .debug_line    0x0000097b       0x7a ./Core/Startup/startup_stm32l476rgtx.o
 .debug_line    0x000009f5      0xb00 ./Drivers/STM32L4xx_HAL_Driver/Src/stm32l4xx_hal.o

.debug_str      0x00000000    0xdecaf
 .debug_str     0x00000000    0xdecaf ./Core/Src/stm32l4xx_it.o
                              0xde197 (size before relaxing)
 .debug_str     0x000decaf     0x2eb2 ./Core/Src/utils.o
 .debug_str     0x000decaf       0x59 ./Core/Startup/LED.o
 .debug_str     0x000decaf       0x5f ./Core/Startup/myasm (1).o
 .debug_str     0x000decaf       0x79 ./Core/Startup/startup_stm32l476rgtx.o
 .debug_str     0x000decaf    0xdeeb0 ./Drivers/STM32L4xx_HAL_Driver/Src/stm32l4xx_hal.o

.comment        0x00000000       0x43
 .comment       0x00000000       0x43 ./Core/Src/stm32l4xx_it.o
                                 0x44 (size before relaxing)
 .comment       0x00000043       0x44 ./Core/Src/utils.o
 .comment       0x00000043       0x44 ./Drivers/STM32L4xx_HAL_Driver/Src/stm32l4xx_hal.o

.debug_frame    0x00000000      0x610
 .debug_frame   0x00000000      0x104 ./Core/Src/stm32l4xx_it.o
 .debug_frame   0x00000104       0x74 ./Core/Src/utils.o
 .debug_frame   0x00000178      0x498 ./Drivers/STM32L4xx_HAL_Driver/Src/stm32l4xx_hal.o

.debug_line_str
                0x00000000       0x6f
 .debug_line_str
                0x00000000       0x6f ./Core/Startup/LED.o
                                 0x4b (size before relaxing)
 .debug_line_str
                0x0000006f       0x51 ./Core/Startup/myasm (1).o
 .debug_line_str
                0x0000006f       0x5d ./Core/Startup/startup_stm32l476rgtx.o
